// Jest Snapshot v1, https://goo.gl/fbAQLP

exports[`ListItem component should match snapshot 1`] = `
<div>
  <li
    class="sc-bgqQcB lnKBne"
  >
    <button
      class="sc-gTRrQi iMirOm"
    >
      test
    </button>
  </li>
</div>
`;
