// Jest Snapshot v1, https://goo.gl/fbAQLP

exports[`Dropdown component should match snapshot 1`] = `
<div>
  <div
    class="sc-bgqQcB CeERh"
  >
    Some content
  </div>
</div>
`;
