// Jest Snapshot v1, https://goo.gl/fbAQLP

exports[`Column Component should match snapshot 1`] = `
<div>
  <div
    class="sc-bgqQcB lgCwwW"
  />
</div>
`;
