// Jest Snapshot v1, https://goo.gl/fbAQLP

exports[`Line should match snapshot 1`] = `
<div>
  <div
    class="sc-bgqQcB iPXChy"
    width="100"
  />
</div>
`;
