// Jest Snapshot v1, https://goo.gl/fbAQLP

exports[`Spinner component should match snapshot 1`] = `
<div>
  <div
    class="sc-bgqQcB ABTdF"
  >
    <div
      class="sc-gTRrQi chearB"
    />
  </div>
</div>
`;
