// Jest Snapshot v1, https://goo.gl/fbAQLP

exports[` Heading component should match snapshot 1`] = `
<div>
  <div
    class="sc-bgqQcB kPHljY"
  >
    Hello World
  </div>
</div>
`;
