// Jest Snapshot v1, https://goo.gl/fbAQLP

exports[`MultiLevelCard component should match snapshot 1`] = `
<div>
  <div
    class="sc-bgqQcB dbXCYH"
  />
</div>
`;
