// Jest Snapshot v1, https://goo.gl/fbAQLP

exports[`DropdownItem component should match snapshot 1`] = `
<div>
  <button
    class="sc-bgqQcB llICwK"
    role="listitem"
    type="button"
  />
</div>
`;
